\BOOKMARK [1][-]{section.1}{\376\377\000V\000o\000c\000a\000b\000u\000l\000a\000i\000r\000e}{}% 1
\BOOKMARK [2][-]{subsection.1.1}{\376\377\000E\000x\000p\000r\000e\000s\000s\000i\000o\000n\000s}{section.1}% 2
\BOOKMARK [3][-]{subsubsection.1.1.1}{\376\377\000L\000e\000s\000\040\000s\000a\000l\000u\000t\000a\000t\000i\000o\000n\000s\000\040\000\050\143\050\142\366\060\102\060\104\060\125\060\144\000\051}{subsection.1.1}% 3
\BOOKMARK [3][-]{subsubsection.1.1.2}{\376\377\175\071\116\313\060\127\060\207\060\106\060\113\060\104\060\131\060\213}{subsection.1.1}% 4
\BOOKMARK [3][-]{subsubsection.1.1.3}{\376\377\000\300\000\040\000t\000r\000i\000e\000r}{subsection.1.1}% 5
\BOOKMARK [2][-]{subsection.1.2}{\376\377\000N\000o\000m\000s\000\040\000p\000a\000r\000\040\000p\000a\000r\000\040\000t\000h\000\351\000m\000a\000t\000i\000q\000u\000e}{section.1}% 6
\BOOKMARK [3][-]{subsubsection.1.2.1}{\376\377\000L\000e\000s\000\040\000p\000a\000y\000s}{subsection.1.2}% 7
\BOOKMARK [3][-]{subsubsection.1.2.2}{\376\377\000L\040\031\000e\000n\000t\000o\000u\000r\000a\000g\000e}{subsection.1.2}% 8
\BOOKMARK [3][-]{subsubsection.1.2.3}{\376\377\000L\000e\000s\000\040\000l\000i\000e\000u\000x}{subsection.1.2}% 9
\BOOKMARK [3][-]{subsubsection.1.2.4}{\376\377\000L\000e\000s\000\040\000c\000o\000u\000l\000e\000u\000r\000s}{subsection.1.2}% 10
\BOOKMARK [3][-]{subsubsection.1.2.5}{\376\377\000L\000e\000s\000\040\000p\000r\000o\000f\000e\000s\000s\000i\000o\000n\000s\000\040\000e\000t\000\040\000s\000t\000a\000t\000u\000t\000s}{subsection.1.2}% 11
\BOOKMARK [3][-]{subsubsection.1.2.6}{\376\377\000L\000e\000s\000\040\000a\000n\000i\000m\000a\000u\000x}{subsection.1.2}% 12
\BOOKMARK [3][-]{subsubsection.1.2.7}{\376\377\000\311\000l\000\351\000m\000e\000n\000t\000s\000\040\000n\000a\000t\000u\000r\000e\000l\000s\000,\000\040\000m\000\351\000t\000\351\000o\000\040\000e\000t\000\040\000s\000a\000i\000s\000o\000n\000s}{subsection.1.2}% 13
\BOOKMARK [3][-]{subsubsection.1.2.8}{\376\377\000M\000o\000y\000e\000n\000s\000\040\000d\000e\000\040\000t\000r\000a\000n\000s\000p\000o\000r\000t}{subsection.1.2}% 14
\BOOKMARK [3][-]{subsubsection.1.2.9}{\376\377\000P\000a\000r\000t\000i\000e\000s\000\040\000d\000u\000\040\000c\000o\000r\000p\000s}{subsection.1.2}% 15
\BOOKMARK [3][-]{subsubsection.1.2.10}{\376\377\000H\000a\000b\000i\000t\000s}{subsection.1.2}% 16
\BOOKMARK [3][-]{subsubsection.1.2.11}{\376\377\000L\000a\000\040\000m\000a\000i\000s\000o\000n}{subsection.1.2}% 17
\BOOKMARK [3][-]{subsubsection.1.2.12}{\376\377\000L\000e\000s\000\040\000o\000b\000j\000e\000t\000s\000\040\000d\000u\000\040\000q\000u\000o\000t\000i\000d\000i\000e\000n}{subsection.1.2}% 18
\BOOKMARK [3][-]{subsubsection.1.2.13}{\376\377\000L\000a\000\040\000n\000o\000u\000r\000r\000i\000t\000u\000r\000e}{subsection.1.2}% 19
\BOOKMARK [3][-]{subsubsection.1.2.14}{\376\377\000L\000e\000s\000\040\000a\000r\000t\000s}{subsection.1.2}% 20
\BOOKMARK [3][-]{subsubsection.1.2.15}{\376\377\000L\000e\000s\000\040\000s\000c\000i\000e\000n\000c\000e\000s}{subsection.1.2}% 21
\BOOKMARK [3][-]{subsubsection.1.2.16}{\376\377\000\300\000\040\000t\000r\000i\000e\000r}{subsection.1.2}% 22
\BOOKMARK [2][-]{subsection.1.3}{\376\377\000A\000d\000j\000e\000c\000t\000i\000f\000s\000\040\000p\000a\000r\000\040\000t\000h\000\351\000m\000a\000t\000i\000q\000u\000e\000s}{section.1}% 23
\BOOKMARK [3][-]{subsubsection.1.3.1}{\376\377\000C\000a\000r\000a\000c\000t\000\351\000r\000i\000s\000t\000i\000q\000u\000e\000s\000\040\000p\000h\000y\000s\000i\000q\000u\000e\000s}{subsection.1.3}% 24
\BOOKMARK [3][-]{subsubsection.1.3.2}{\376\377\000\311\000m\000o\000t\000i\000o\000n\000s}{subsection.1.3}% 25
\BOOKMARK [3][-]{subsubsection.1.3.3}{\376\377\000T\000e\000m\000p\000s\000,\000\040\000f\000r\000\351\000q\000u\000e\000n\000c\000e\000\040\000e\000t\000\040\000e\000s\000p\000a\000c\000e}{subsection.1.3}% 26
\BOOKMARK [3][-]{subsubsection.1.3.4}{\376\377\000C\000o\000m\000p\000a\000r\000a\000i\000s\000o\000n}{subsection.1.3}% 27
\BOOKMARK [3][-]{subsubsection.1.3.5}{\376\377\000Q\000u\000a\000l\000i\000t\000\351}{subsecti