\BOOKMARK [1][-]{section.1}{\376\377\0001\000\040\000P\000o\000l\000a\000r\000i\000s\000a\000t\000i\000o\000n\000\040\000d\040\031\000u\000n\000\040\000p\000h\000o\000t\000o\000n\000\040\000u\000n\000i\000q\000u\000e}{}% 1
\BOOKMARK [2][-]{subsection.1.1}{\376\377\0001\000.\0001\000\040\000P\000o\000l\000a\000r\000i\000s\000a\000t\000i\000o\000n\000\040\000d\000e\000\040\000l\000a\000\040\000l\000u\000m\000i\000\350\000r\000e\000\040\000e\000n\000\040\000o\000p\000t\000i\000q\000u\000e\000\040\000q\000u\000a\000n\000t\000i\000q\000u\000e}{section.1}% 2
\BOOKMARK [1][-]{section.2}{\376\377\0002\000\040\000P\000r\000i\000n\000c\000i\000p\000e\000s\000\040\000f\000o\000n\000d\000a\000m\000e\000n\000t\000a\000u\000x}{}% 3
\BOOKMARK [2][-]{subsection.2.1}{\376\377\0002\000.\0001\000\040\000E\000s\000p\000a\000c\000e\000\040\000d\000e\000s\000\040\000\351\000t\000a\000t\000s}{section.2}% 4
\BOOKMARK [2][-]{subsection.2.2}{\376\377\0002\000.\0002\000\040\000M\000e\000s\000u\000r\000e}{section.2}% 5
\BOOKMARK [2][-]{subsection.2.3}{\376\377\0002\000.\0003\000\040\000\311\000v\000o\000l\000u\000t\000i\000o\000n\000\040\000t\000e\000m\000p\000o\000r\000e\000l\000l\000e}{section.2}% 6
\BOOKMARK [1][-]{section.3}{\376\377\0003\000\040\000O\000u\000t\000i\000l\000s\000\040\000m\000a\000t\000h\000\351\000m\000a\000t\000i\000q\000u\000e\000s}{}% 7
\BOOKMARK [2][-]{subsection.3.1}{\376\377\0003\000.\0001\000\040\000N\000o\000t\000a\000t\000i\000o\000n\000\040\000d\000e\000\040\000D\000i\000r\000a\000c}{section.3}% 8
\BOOKMARK [2][-]{subsection.3.2}{\376\377\0003\000.\0002\000\040\000T\000r\000a\000n\000s\000f\000o\000r\000m\000a\000t\000i\000o\000n\000\040\000d\000e\000\040\000F\000o\000u\000r\000i\000e\000r}{section.3}% 9
\BOOKMARK [2][-]{subsection.3.3}{\376\377\0003\000.\0003\000\040\000P\000r\000o\000d\000u\000i\000t\000\040\000t\000e\000n\000s\000o\000r\000i\000e\000l}{section.3}% 10
\BOOKMARK [2][-]{subsection.3.4}{\376\377\0003\000.\0004\000\040\000I\000n\000\351\000g\000a\000l\000i\000t\000\351\000\040\000d\000e\000\040\000H\000e\000i\000s\000e\000n\000b\000e\000r\000g}{section.3}% 11
\BOOKMARK [1][-]{section.4}{\376\377\0004\000\040\000M\000\351\000t\000h\000o\000d\000e\000s\000\040\000d\040\031\000a\000p\000p\000r\000o\000x\000i\000m\000a\000t\000i\000o\000n}{}% 12
\BOOKMARK [2][-]{subsection.4.1}{\376\377\0004\000.\0001\000\040\000M\000\351\000t\000h\000o\000d\000e\000\040\000d\000e\000s\000\040\000p\000e\000r\000t\000u\000r\000b\000a\000t\000i\000o\000n\000s}{section.4}% 13
\BOOKMARK [2][-]{subsection.4.2}{\376\377\0004\000.\0002\000\040\000M\000\351\000t\000h\000o\000d\000e\000\040\000v\000a\000r\000i\000a\000t\000i\000o\000n\000n\000e\000l\000l\000e}{section.4}% 14
\BOOKMARK [1][-]{section.5}{\376\377\0005\000\040\000S\000y\000m\000\351\000t\000r\000i\000e\000s\000\040\000e\000n\000\040\000p\000h\000y\000s\000i\000q\000u\000e\000\040\000q\000u\000a\000n\000t\000i\000q\000u\000e}{}% 15
\BOOKMARK [2][-]{subsection.5.1}{\376\377\0005\000.\0001\000\040\000I\000n\000v\000a\000r\000i\000a\000n\000c\000e\000\040\000e\000t\000\040\000c\000o\000m\000m\000u\000t\000a\000t\000i\000o\000n}{section.5}% 16
\BOOKMARK [2][-]{subsection.5.2}{\376\377\0005\000.\0002\000\040\000P\000a\000r\000i\000t\000\351}{section.5}% 17
\BOOKMARK [2][-]{subsection.5.3}{\376\377\0005\000.\0003\000\040\000T\000r\000a\000n\000s\000l\000a\000t\000i\000o\000n\000s}{section.5}% 18
\BOOKMARK [2][-]{subsection.5.4}{\376\377\0005\000.\0004\000\040\000T\000h\000\351\000o\000r\000\350\000m\000e\000\040\000d\000e\000\040\000B\000l\000o\000c\000h}{section.5}% 19
\BOOKMARK [1][-]{section.6}{\376\377\0006\000\040\000L\000e\000\040\000s\000p\000i\000n\000\040\0001\000/\0002}{}% 20
\BOOKMARK [2][-]{subsection.6.1}{\376\377\0006\000.\0001\000\040\000C\000o\000n\000s\000t\000r\000u\000c\000t\000i\000o\000n\000\040\000d\000e\000s\000\040\000o\000b\000s\000e\000r\000v\000a\000b\000l\000e\000s\000\040\000c\000a\000r\000t\000\351\000s\000i\000e\000n\000s\000\040\000d\000u\000\040\000s\000p\000i\000n}{section.6}% 21
\BOOKMARK [2][-]{subsection.6.2}{\376\377\0006\000.\0002\000\040\000M\000e\000s\000u\000r\000e\000\040\000d\000u\000\040\000s\000p\000i\000n\000\040\000s\000e\000l\000o\000n\000\040\000u\000n\000\040\000a\000x\000e\000\040\000a\000r\000b\000i\000t\000r\000a\000i\000r\000e}{section.6}% 22
\BOOKMARK [2][-]{subsection.6.3}{\376\377\0006\000.\0003\000\040\000S\000p\000h\000\350\000r\000e\000\040\000d\000e\000\040\000B\000l\000o\000c\000h}{section.6}% 23
\BOOKMARK [2][-]{subsection.6.4}{\376\377\0006\000.\0004\000\040\000P\000a\000r\000t\000i\000c\000u\000l\000e\000\040\000d\000a\000n\000s\000\040\000u\000n\000\040\000c\000h\000a\000m\000p\000\040\000m\000a\000g\000n\000\351\000t\000i\000q\000u\000e}{section.6}% 24
\BOOKMARK [2][-]{subsection.6.5}{\376\377\0006\000.\0005\000\040\000C\000h\000a\000m\000p\000\040\000m\000a\000g\000n\000\351\000t\000i\000q\000u\000e\000\040\000a\000u\000t\000o\000n\000o\000m\000e}{section.6}% 25
\BOOKMARK [2][-]{subsection.6.6}{\376\377\0006\000.\0006\000\040\000C\000h\000a\000m\000p\000\040\000m\000a\000g\000n\000\351\000t\000i\000q\000u\000e\000\040\000d\000\351\000p\000e\000n\000d\000a\000n\000t\000\040\000d\000u\000\040\000t\000e\000m\000p\000s}{section.6}% 26
\BOOKMARK [1][-]{section.7}{\376\377\0007\000\040\000M\000o\000m\000e\000n\000t\000\040\000c\000i\000n\000\351\000t\000i\000q\000u\000e}{}% 27
\BOOKMARK [2][-]{subsection.7.1}{\376\377\0007\000.\0001\000\040\000R\000o\000t\000a\000t\000i\000o\000n\000s\000\040\000e\000t\000\040\000m\000o\000m\000e\000n\000t\000\040\000c\000i\000n\000\351\000t\000i\000q\000u\000e}{section.7}% 28
\BOOKMARK [2][-]{subsection.7.2}{\376\377\0007\000.\0002\000\040\000T\000h\000\351\000o\000r\000i\000e\000\040\000g\000\351\000n\000\351\000r\000a\000l\000e\000\040\000d\000u\000\040\000m\000o\000m\000e\000n\000t\000\040\000c\000i\000n\000\351\000t\000i\000q\000u\000e}{section.7}% 29
\BOOKMARK [2][-]{subsection.7.3}{\376\377\0007\000.\0003\000\040\000C\000a\000s\000\040\000d\040\031\000u\000n\000e\000\040\000p\000a\000r\000t\000i\000c\000u\000l\000e\000\040\000d\000e\000\040\000s\000p\000i\000n\000\040\0001\000/\0002}{section.7}% 30
\BOOKMARK [2][-]{subsection.7.4}{\376\377\0007\000.\0004\000\040\000M\000o\000m\000e\000n\000t\000\040\000c\000i\000n\000\351\000t\000i\000q\000u\000e\000\040\000o\000r\000b\000i\000t\000a\000l}{section.7}% 31
\BOOKMARK [2][-]{subsection.7.5}{\376\377\0007\000.\0005\000\040\000R\000o\000t\000a\000t\000i\000o\000n\000\040\000d\040\031\000u\000n\000e\000\040\000m\000o\000l\000\351\000c\000u\000l\000e\000\040\000d\000i\000a\000t\000o\000m\000i\000q\000u\000e}{section.7}% 32
\BOOKMARK [1][-]{section.8}{\376\377\0008\000\040\000L\040\031\000a\000t\000o\000m\000e\000\040\000d\040\031\000h\000y\000d\000r\000o\000g\000\350\000n\000e}{}% 33
\BOOKMARK [2][-]{subsection.8.1}{\376\377\0008\000.\0001\000\040\000M\000o\000d\000\350\000l\000e\000\040\000d\000e\000\040\000B\000o\000h\000r}{section.8}% 34
\BOOKMARK [2][-]{subsection.8.2}{\376\377\0008\000.\0002\000\040\000M\000o\000u\000v\000e\000m\000e\000n\000t\000\040\000d\000a\000n\000s\000\040\000u\000n\000\040\000p\000o\000t\000e\000n\000t\000i\000e\000l\000\040\000c\000e\000n\000t\000r\000a\000l}{section.8}% 35
